// Jest Snapshot v1, https://goo.gl/fbAQLP

exports[`MessageList.test.js has the expected html structure 1`] = `
<ul>
  <li
    class="message"
  >
    Cat
  </li>
</ul>
`;

exports[`MessageList.test.js 期待されるHTML構造であること 1`] = `
<ul>
  <li
    class="message"
  >
    Cat
  </li>
</ul>
`;
